2025-02-08 18:58:46,908 - INFO - Converted 0 Celsius to 32.0 Fahrenheit
2025-02-08 18:58:46,908 - INFO - Converted 100 Celsius to 212.0 Fahrenheit
2025-02-08 18:58:46,908 - INFO - Converted -40 Celsius to -40.0 Fahrenheit
2025-02-08 18:58:46,908 - INFO - Converted 25 Celsius to 77.0 Fahrenheit
2025-02-08 18:58:46,908 - INFO - Converted 0 Celsius to 273.15 Kelvin
2025-02-08 18:58:46,908 - INFO - Converted 100 Celsius to 373.15 Kelvin
2025-02-08 18:58:46,908 - INFO - Converted -273.15 Celsius to 0.0 Kelvin
2025-02-08 18:58:46,908 - INFO - Converted 25 Celsius to 298.15 Kelvin
2025-02-08 18:58:46,908 - INFO - Converted 32 Fahrenheit to 0.0 Celsius
2025-02-08 18:58:46,908 - INFO - Converted 212 Fahrenheit to 100.0 Celsius
2025-02-08 18:58:46,908 - INFO - Converted -40 Fahrenheit to -40.0 Celsius
2025-02-08 18:58:46,909 - INFO - Converted 77 Fahrenheit to 25.0 Celsius
2025-02-08 18:58:46,909 - INFO - Converted 32 Fahrenheit to 0.0 Celsius
2025-02-08 18:58:46,909 - INFO - Converted 0.0 Celsius to 273.15 Kelvin
2025-02-08 18:58:46,909 - INFO - Converted 32 Fahrenheit to 273.15 Kelvin
2025-02-08 18:58:46,909 - INFO - Converted 212 Fahrenheit to 100.0 Celsius
2025-02-08 18:58:46,909 - INFO - Converted 100.0 Celsius to 373.15 Kelvin
2025-02-08 18:58:46,909 - INFO - Converted 212 Fahrenheit to 373.15 Kelvin
2025-02-08 18:58:46,909 - INFO - Converted -459.67 Fahrenheit to -273.15 Celsius
2025-02-08 18:58:46,909 - INFO - Converted -273.15 Celsius to 0.0 Kelvin
2025-02-08 18:58:46,909 - INFO - Converted -459.67 Fahrenheit to 0.0 Kelvin
2025-02-08 18:58:46,909 - INFO - Converted 68 Fahrenheit to 20.0 Celsius
2025-02-08 18:58:46,909 - INFO - Converted 20.0 Celsius to 293.15 Kelvin
2025-02-08 18:58:46,909 - INFO - Converted 68 Fahrenheit to 293.15 Kelvin
2025-02-08 18:58:46,909 - INFO - Converted 273.15 Kelvin to 0.0 Celsius
2025-02-08 18:58:46,909 - INFO - Converted 373.15 Kelvin to 100.0 Celsius
2025-02-08 18:58:46,909 - INFO - Converted 0 Kelvin to -273.15 Celsius
2025-02-08 18:58:46,909 - INFO - Converted 298.15 Kelvin to 25.0 Celsius
2025-02-08 18:58:46,909 - INFO - Converted 273.15 Kelvin to 0.0 Celsius
2025-02-08 18:58:46,909 - INFO - Converted 0.0 Celsius to 32.0 Fahrenheit
2025-02-08 18:58:46,909 - INFO - Converted 273.15 Kelvin to 32.0 Fahrenheit
2025-02-08 18:58:46,909 - INFO - Converted 373.15 Kelvin to 100.0 Celsius
2025-02-08 18:58:46,909 - INFO - Converted 100.0 Celsius to 212.0 Fahrenheit
2025-02-08 18:58:46,909 - INFO - Converted 373.15 Kelvin to 212.0 Fahrenheit
2025-02-08 18:58:46,909 - INFO - Converted 0 Kelvin to -273.15 Celsius
2025-02-08 18:58:46,909 - INFO - Converted -273.15 Celsius to -459.66999999999996 Fahrenheit
2025-02-08 18:58:46,909 - INFO - Converted 0 Kelvin to -459.66999999999996 Fahrenheit
2025-02-08 18:58:46,909 - INFO - Converted 293.15 Kelvin to 20.0 Celsius
2025-02-08 18:58:46,909 - INFO - Converted 20.0 Celsius to 68.0 Fahrenheit
2025-02-08 18:58:46,909 - INFO - Converted 293.15 Kelvin to 68.0 Fahrenheit
