2025-02-08 18:59:12,425 - INFO - Converted 25.0 Celsius to 77.0 Fahrenheit
2025-02-08 18:59:28,220 - INFO - Converted 30.0 Celsius to 86.0 Fahrenheit
2025-02-08 18:59:41,930 - INFO - Converted 30.0 Fahrenheit to -1.1111111111111112 Celsius
2025-02-08 18:59:58,022 - INFO - Converted 30.0 Fahrenheit to -1.1111111111111112 Celsius
2025-02-08 18:59:58,022 - INFO - Converted -1.1111111111111112 Celsius to 272.0388888888889 Kelvin
2025-02-08 18:59:58,022 - INFO - Converted 30.0 Fahrenheit to 272.0388888888889 Kelvin
2025-02-08 19:02:39,265 - INFO - Converted 0 Celsius to 32.0 Fahrenheit
2025-02-08 19:02:39,265 - INFO - Converted 100 Celsius to 212.0 Fahrenheit
2025-02-08 19:02:39,265 - INFO - Converted -40 Celsius to -40.0 Fahrenheit
2025-02-08 19:02:39,265 - INFO - Converted 25 Celsius to 77.0 Fahrenheit
2025-02-08 19:02:39,265 - INFO - Converted 0 Celsius to 273.15 Kelvin
2025-02-08 19:02:39,265 - INFO - Converted 100 Celsius to 373.15 Kelvin
2025-02-08 19:02:39,265 - INFO - Converted -273.15 Celsius to 0.0 Kelvin
2025-02-08 19:02:39,265 - INFO - Converted 25 Celsius to 298.15 Kelvin
2025-02-08 19:02:39,265 - INFO - Converted 32 Fahrenheit to 0.0 Celsius
2025-02-08 19:02:39,265 - INFO - Converted 212 Fahrenheit to 100.0 Celsius
2025-02-08 19:02:39,265 - INFO - Converted -40 Fahrenheit to -40.0 Celsius
2025-02-08 19:02:39,265 - INFO - Converted 77 Fahrenheit to 25.0 Celsius
2025-02-08 19:02:39,265 - INFO - Converted 32 Fahrenheit to 0.0 Celsius
2025-02-08 19:02:39,265 - INFO - Converted 0.0 Celsius to 273.15 Kelvin
2025-02-08 19:02:39,265 - INFO - Converted 32 Fahrenheit to 273.15 Kelvin
2025-02-08 19:02:39,265 - INFO - Converted 212 Fahrenheit to 100.0 Celsius
2025-02-08 19:02:39,265 - INFO - Converted 100.0 Celsius to 373.15 Kelvin
2025-02-08 19:02:39,265 - INFO - Converted 212 Fahrenheit to 373.15 Kelvin
2025-02-08 19:02:39,265 - INFO - Converted -459.67 Fahrenheit to -273.15 Celsius
2025-02-08 19:02:39,265 - INFO - Converted -273.15 Celsius to 0.0 Kelvin
2025-02-08 19:02:39,265 - INFO - Converted -459.67 Fahrenheit to 0.0 Kelvin
2025-02-08 19:02:39,265 - INFO - Converted 68 Fahrenheit to 20.0 Celsius
2025-02-08 19:02:39,265 - INFO - Converted 20.0 Celsius to 293.15 Kelvin
2025-02-08 19:02:39,265 - INFO - Converted 68 Fahrenheit to 293.15 Kelvin
2025-02-08 19:02:39,265 - INFO - Converted 273.15 Kelvin to 0.0 Celsius
2025-02-08 19:02:39,265 - INFO - Converted 373.15 Kelvin to 100.0 Celsius
2025-02-08 19:02:39,265 - INFO - Converted 0 Kelvin to -273.15 Celsius
2025-02-08 19:02:39,265 - INFO - Converted 298.15 Kelvin to 25.0 Celsius
2025-02-08 19:02:39,265 - INFO - Converted 273.15 Kelvin to 0.0 Celsius
2025-02-08 19:02:39,265 - INFO - Converted 0.0 Celsius to 32.0 Fahrenheit
2025-02-08 19:02:39,265 - INFO - Converted 273.15 Kelvin to 32.0 Fahrenheit
2025-02-08 19:02:39,265 - INFO - Converted 373.15 Kelvin to 100.0 Celsius
2025-02-08 19:02:39,265 - INFO - Converted 100.0 Celsius to 212.0 Fahrenheit
2025-02-08 19:02:39,265 - INFO - Converted 373.15 Kelvin to 212.0 Fahrenheit
2025-02-08 19:02:39,265 - INFO - Converted 0 Kelvin to -273.15 Celsius
2025-02-08 19:02:39,265 - INFO - Converted -273.15 Celsius to -459.66999999999996 Fahrenheit
2025-02-08 19:02:39,265 - INFO - Converted 0 Kelvin to -459.66999999999996 Fahrenheit
2025-02-08 19:02:39,265 - INFO - Converted 293.15 Kelvin to 20.0 Celsius
2025-02-08 19:02:39,265 - INFO - Converted 20.0 Celsius to 68.0 Fahrenheit
2025-02-08 19:02:39,265 - INFO - Converted 293.15 Kelvin to 68.0 Fahrenheit
2025-02-08 19:02:58,562 - INFO - Converted 0 Celsius to 32.0 Fahrenheit
2025-02-08 19:02:58,562 - INFO - Converted 100 Celsius to 212.0 Fahrenheit
2025-02-08 19:02:58,562 - INFO - Converted -40 Celsius to -40.0 Fahrenheit
2025-02-08 19:02:58,562 - INFO - Converted 25 Celsius to 77.0 Fahrenheit
2025-02-08 19:02:58,562 - INFO - Converted 0 Celsius to 273.15 Kelvin
2025-02-08 19:02:58,562 - INFO - Converted 100 Celsius to 373.15 Kelvin
2025-02-08 19:02:58,562 - INFO - Converted -273.15 Celsius to 0.0 Kelvin
2025-02-08 19:02:58,562 - INFO - Converted 25 Celsius to 298.15 Kelvin
2025-02-08 19:02:58,562 - INFO - Converted 32 Fahrenheit to 0.0 Celsius
2025-02-08 19:02:58,562 - INFO - Converted 212 Fahrenheit to 100.0 Celsius
2025-02-08 19:02:58,562 - INFO - Converted -40 Fahrenheit to -40.0 Celsius
2025-02-08 19:02:58,562 - INFO - Converted 77 Fahrenheit to 25.0 Celsius
2025-02-08 19:02:58,562 - INFO - Converted 32 Fahrenheit to 0.0 Celsius
2025-02-08 19:02:58,562 - INFO - Converted 0.0 Celsius to 273.15 Kelvin
2025-02-08 19:02:58,562 - INFO - Converted 32 Fahrenheit to 273.15 Kelvin
2025-02-08 19:02:58,562 - INFO - Converted 212 Fahrenheit to 100.0 Celsius
2025-02-08 19:02:58,562 - INFO - Converted 100.0 Celsius to 373.15 Kelvin
2025-02-08 19:02:58,562 - INFO - Converted 212 Fahrenheit to 373.15 Kelvin
2025-02-08 19:02:58,562 - INFO - Converted -459.67 Fahrenheit to -273.15 Celsius
2025-02-08 19:02:58,562 - INFO - Converted -273.15 Celsius to 0.0 Kelvin
2025-02-08 19:02:58,562 - INFO - Converted -459.67 Fahrenheit to 0.0 Kelvin
2025-02-08 19:02:58,562 - INFO - Converted 68 Fahrenheit to 20.0 Celsius
2025-02-08 19:02:58,562 - INFO - Converted 20.0 Celsius to 293.15 Kelvin
2025-02-08 19:02:58,562 - INFO - Converted 68 Fahrenheit to 293.15 Kelvin
2025-02-08 19:02:58,562 - INFO - Converted 273.15 Kelvin to 0.0 Celsius
2025-02-08 19:02:58,562 - INFO - Converted 373.15 Kelvin to 100.0 Celsius
2025-02-08 19:02:58,562 - INFO - Converted 0 Kelvin to -273.15 Celsius
2025-02-08 19:02:58,562 - INFO - Converted 298.15 Kelvin to 25.0 Celsius
2025-02-08 19:02:58,562 - INFO - Converted 273.15 Kelvin to 0.0 Celsius
2025-02-08 19:02:58,562 - INFO - Converted 0.0 Celsius to 32.0 Fahrenheit
2025-02-08 19:02:58,562 - INFO - Converted 273.15 Kelvin to 32.0 Fahrenheit
2025-02-08 19:02:58,562 - INFO - Converted 373.15 Kelvin to 100.0 Celsius
2025-02-08 19:02:58,562 - INFO - Converted 100.0 Celsius to 212.0 Fahrenheit
2025-02-08 19:02:58,562 - INFO - Converted 373.15 Kelvin to 212.0 Fahrenheit
2025-02-08 19:02:58,562 - INFO - Converted 0 Kelvin to -273.15 Celsius
2025-02-08 19:02:58,562 - INFO - Converted -273.15 Celsius to -459.66999999999996 Fahrenheit
2025-02-08 19:02:58,562 - INFO - Converted 0 Kelvin to -459.66999999999996 Fahrenheit
2025-02-08 19:02:58,562 - INFO - Converted 293.15 Kelvin to 20.0 Celsius
2025-02-08 19:02:58,562 - INFO - Converted 20.0 Celsius to 68.0 Fahrenheit
2025-02-08 19:02:58,562 - INFO - Converted 293.15 Kelvin to 68.0 Fahrenheit
2025-02-08 20:41:49,488 - INFO - Converted 0 Celsius to 32.0 Fahrenheit
2025-02-08 20:41:49,488 - INFO - Converted 100 Celsius to 212.0 Fahrenheit
2025-02-08 20:41:49,488 - INFO - Converted -40 Celsius to -40.0 Fahrenheit
2025-02-08 20:41:49,488 - INFO - Converted 25 Celsius to 77.0 Fahrenheit
2025-02-08 20:41:49,488 - INFO - Converted 0 Celsius to 273.15 Kelvin
2025-02-08 20:41:49,488 - INFO - Converted 100 Celsius to 373.15 Kelvin
2025-02-08 20:41:49,489 - INFO - Converted -273.15 Celsius to 0.0 Kelvin
2025-02-08 20:41:49,489 - INFO - Converted 25 Celsius to 298.15 Kelvin
2025-02-08 20:41:49,489 - INFO - Converted 32 Fahrenheit to 0.0 Celsius
2025-02-08 20:41:49,489 - INFO - Converted 212 Fahrenheit to 100.0 Celsius
2025-02-08 20:41:49,489 - INFO - Converted -40 Fahrenheit to -40.0 Celsius
2025-02-08 20:41:49,489 - INFO - Converted 77 Fahrenheit to 25.0 Celsius
2025-02-08 20:41:49,489 - INFO - Converted 32 Fahrenheit to 0.0 Celsius
2025-02-08 20:41:49,489 - INFO - Converted 0.0 Celsius to 273.15 Kelvin
2025-02-08 20:41:49,489 - INFO - Converted 32 Fahrenheit to 273.15 Kelvin
2025-02-08 20:41:49,489 - INFO - Converted 212 Fahrenheit to 100.0 Celsius
2025-02-08 20:41:49,489 - INFO - Converted 100.0 Celsius to 373.15 Kelvin
2025-02-08 20:41:49,489 - INFO - Converted 212 Fahrenheit to 373.15 Kelvin
2025-02-08 20:41:49,489 - INFO - Converted -459.67 Fahrenheit to -273.15 Celsius
2025-02-08 20:41:49,489 - INFO - Converted -273.15 Celsius to 0.0 Kelvin
2025-02-08 20:41:49,489 - INFO - Converted -459.67 Fahrenheit to 0.0 Kelvin
2025-02-08 20:41:49,489 - INFO - Converted 68 Fahrenheit to 20.0 Celsius
2025-02-08 20:41:49,489 - INFO - Converted 20.0 Celsius to 293.15 Kelvin
2025-02-08 20:41:49,489 - INFO - Converted 68 Fahrenheit to 293.15 Kelvin
2025-02-08 20:41:49,489 - INFO - Converted 273.15 Kelvin to 0.0 Celsius
2025-02-08 20:41:49,489 - INFO - Converted 373.15 Kelvin to 100.0 Celsius
2025-02-08 20:41:49,489 - INFO - Converted 0 Kelvin to -273.15 Celsius
2025-02-08 20:41:49,489 - INFO - Converted 298.15 Kelvin to 25.0 Celsius
2025-02-08 20:41:49,489 - INFO - Converted 273.15 Kelvin to 0.0 Celsius
2025-02-08 20:41:49,489 - INFO - Converted 0.0 Celsius to 32.0 Fahrenheit
2025-02-08 20:41:49,489 - INFO - Converted 273.15 Kelvin to 32.0 Fahrenheit
2025-02-08 20:41:49,489 - INFO - Converted 373.15 Kelvin to 100.0 Celsius
2025-02-08 20:41:49,489 - INFO - Converted 100.0 Celsius to 212.0 Fahrenheit
2025-02-08 20:41:49,489 - INFO - Converted 373.15 Kelvin to 212.0 Fahrenheit
2025-02-08 20:41:49,489 - INFO - Converted 0 Kelvin to -273.15 Celsius
2025-02-08 20:41:49,489 - INFO - Converted -273.15 Celsius to -459.66999999999996 Fahrenheit
2025-02-08 20:41:49,489 - INFO - Converted 0 Kelvin to -459.66999999999996 Fahrenheit
2025-02-08 20:41:49,489 - INFO - Converted 293.15 Kelvin to 20.0 Celsius
2025-02-08 20:41:49,489 - INFO - Converted 20.0 Celsius to 68.0 Fahrenheit
2025-02-08 20:41:49,489 - INFO - Converted 293.15 Kelvin to 68.0 Fahrenheit
2025-02-08 20:43:52,781 - INFO - Converted 98.6 Fahrenheit to 37.0 Celsius
2025-02-08 20:43:52,782 - INFO - Converted 37.0 Celsius to 310.15 Kelvin
2025-02-08 20:43:52,782 - INFO - Converted 98.6 Fahrenheit to 310.15 Kelvin
2025-02-08 20:43:52,783 - INFO - Converted 98.6 Fahrenheit to 310.15 Kelvin
2025-02-08 20:45:21,126 - INFO - Converted 98.6 Fahrenheit to 37.0 Celsius
2025-02-08 20:45:21,126 - INFO - Converted 37.0 Celsius to 310.15 Kelvin
2025-02-08 20:45:21,126 - INFO - Converted 98.6 Fahrenheit to 310.15 Kelvin
2025-02-08 20:45:21,127 - INFO - Converted 98.6 Fahrenheit to 310.15 Kelvin
2025-02-08 20:47:33,361 - INFO - Converted 99.0 Celsius to 372.15 Kelvin
2025-02-08 20:47:33,365 - INFO - Converted 99.0 Celsius to 372.15 Kelvin
2025-02-08 20:51:42,192 - INFO - Converted 30.0 Kelvin to -243.14999999999998 Celsius
2025-02-08 20:51:42,195 - INFO - Converted 30.0 Kelvin to -243.14999999999998 Celsius
2025-02-08 21:02:44,579 - INFO - Converted 30.0 Kelvin to -243.14999999999998 Celsius
2025-02-08 21:02:52,183 - INFO - Converted 30.0 Kelvin to -243.14999999999998 Celsius
2025-02-08 21:03:39,523 - INFO - Converted 30.0 Kelvin to -243.14999999999998 Celsius
2025-02-08 21:03:50,894 - INFO - Converted 30.0 Kelvin to -243.14999999999998 Celsius
2025-02-08 21:22:46,979 - INFO - Converted 20.0 Kelvin to -253.14999999999998 Celsius
2025-02-08 21:22:51,411 - INFO - Converted 20.0 Kelvin to -253.14999999999998 Celsius
